To honour the JVM settings for this build a single-use Daemon process will be forked. For more on this, please refer to https://docs.gradle.org/8.4/userguide/gradle_daemon.html#sec:disabling_the_daemon in the Gradle documentation.
Daemon will be stopped at the end of the build 
WARNING: We recommend using a newer Android Gradle plugin to use compileSdk = 34

This Android Gradle plugin (8.1.0) was tested up to compileSdk = 33 (and compileSdkPreview = "UpsideDownCakePrivacySandbox").

You are strongly encouraged to update your project to use a newer
Android Gradle plugin that has been tested with compileSdk = 34.

If you are already using the latest version of the Android Gradle plugin,
you may need to wait until a newer version with support for compileSdk = 34 is available.

To suppress this warning, add/update
    android.suppressUnsupportedCompileSdk=34
to this project's gradle.properties.
> Task :app:preBuild UP-TO-DATE
> Task :app:preDebugBuild UP-TO-DATE
> Task :app:mergeDebugNativeDebugMetadata NO-SOURCE
> Task :app:checkDebugAarMetadata FAILED

FAILURE: Build failed with an exception.

* What went wrong:
Execution failed for task ':app:checkDebugAarMetadata'.
> Configuration `:app:debugRuntimeClasspath` contains AndroidX dependencies, but the `android.useAndroidX` property is not enabled, which may cause runtime issues.
  Set `android.useAndroidX=true` in the `gradle.properties` file and retry.
  The following AndroidX dependencies are detected:
  :app:debugRuntimeClasspath -> androidx.core:core-ktx:1.12.0
  :app:debugRuntimeClasspath -> com.google.android.material:material:1.11.0 -> androidx.annotation:annotation:1.6.0
  :app:debugRuntimeClasspath -> com.google.android.material:material:1.11.0 -> androidx.annotation:annotation:1.6.0 -> androidx.annotation:annotation-jvm:1.6.0
  :app:debugRuntimeClasspath -> com.google.android.material:material:1.11.0 -> androidx.core:core:1.12.0
  :app:debugRuntimeClasspath -> com.google.android.material:material:1.11.0 -> androidx.annotation:annotation-experimental:1.3.0
  :app:debugRuntimeClasspath -> androidx.appcompat:appcompat:1.6.1 -> androidx.appcompat:appcompat-resources:1.6.1 -> androidx.collection:collection:1.1.0
  :app:debugRuntimeClasspath -> com.google.android.material:material:1.11.0 -> androidx.core:core:1.12.0 -> androidx.concurrent:concurrent-futures:1.1.0
  :app:debugRuntimeClasspath -> androidx.appcompat:appcompat:1.6.1 -> androidx.appcompat:appcompat-resources:1.6.1 -> androidx.vectordrawable:vectordrawable-animated:1.1.0 -> androidx.interpolator:interpolator:1.0.0
  :app:debugRuntimeClasspath -> com.google.android.material:material:1.11.0 -> androidx.lifecycle:lifecycle-runtime:2.6.1
  :app:debugRuntimeClasspath -> androidx.appcompat:appcompat:1.6.1 -> androidx.savedstate:savedstate:1.2.1 -> androidx.arch.core:core-common:2.2.0
  :app:debugRuntimeClasspath -> com.google.android.material:material:1.11.0 -> androidx.fragment:fragment:1.3.6 -> androidx.lifecycle:lifecycle-livedata-core:2.6.1 -> androidx.arch.core:core-runtime:2.2.0
  :app:debugRuntimeClasspath -> androidx.appcompat:appcompat:1.6.1 -> androidx.savedstate:savedstate:1.2.1 -> androidx.lifecycle:lifecycle-common:2.6.1
  :app:debugRuntimeClasspath -> com.google.android.material:material:1.11.0 -> androidx.fragment:fragment:1.3.6 -> androidx.loader:loader:1.0.0 -> androidx.lifecycle:lifecycle-livedata:2.6.1
  :app:debugRuntimeClasspath -> com.google.android.material:material:1.11.0 -> androidx.fragment:fragment:1.3.6 -> androidx.lifecycle:lifecycle-livedata-core:2.6.1
  :app:debugRuntimeClasspath -> androidx.appcompat:appcompat:1.6.1 -> androidx.emoji2:emoji2:1.2.0 -> androidx.lifecycle:lifecycle-process:2.6.1
  :app:debugRuntimeClasspath -> androidx.appcompat:appcompat:1.6.1 -> androidx.emoji2:emoji2:1.2.0 -> androidx.startup:startup-runtime:1.1.1
  :app:debugRuntimeClasspath -> com.google.android.material:material:1.11.0 -> androidx.activity:activity:1.8.0 -> androidx.tracing:tracing:1.0.0
  :app:debugRuntimeClasspath -> androidx.appcompat:appcompat:1.6.1 -> androidx.lifecycle:lifecycle-viewmodel:2.6.1
  :app:debugRuntimeClasspath -> com.google.android.material:material:1.11.0 -> androidx.fragment:fragment:1.3.6 -> androidx.lifecycle:lifecycle-viewmodel-savedstate:2.6.1
  :app:debugRuntimeClasspath -> androidx.appcompat:appcompat:1.6.1 -> androidx.savedstate:savedstate:1.2.1
  :app:debugRuntimeClasspath -> com.google.android.material:material:1.11.0 -> androidx.activity:activity:1.8.0 -> androidx.profileinstaller:profileinstaller:1.3.0
  :app:debugRuntimeClasspath -> com.google.android.material:material:1.11.0 -> androidx.core:core:1.12.0 -> androidx.versionedparcelable:versionedparcelable:1.1.1
  :app:debugRuntimeClasspath -> androidx.appcompat:appcompat:1.6.1
  :app:debugRuntimeClasspath -> com.google.android.material:material:1.11.0 -> androidx.activity:activity:1.8.0
  :app:debugRuntimeClasspath -> androidx.appcompat:appcompat:1.6.1 -> androidx.appcompat:appcompat-resources:1.6.1
  :app:debugRuntimeClasspath -> com.google.android.material:material:1.11.0 -> androidx.vectordrawable:vectordrawable:1.1.0
  :app:debugRuntimeClasspath -> androidx.appcompat:appcompat:1.6.1 -> androidx.appcompat:appcompat-resources:1.6.1 -> androidx.vectordrawable:vectordrawable-animated:1.1.0
  :app:debugRuntimeClasspath -> androidx.appcompat:appcompat:1.6.1 -> androidx.cursoradapter:cursoradapter:1.0.0
  :app:debugRuntimeClasspath -> com.google.android.material:material:1.11.0 -> androidx.drawerlayout:drawerlayout:1.1.1
  :app:debugRuntimeClasspath -> com.google.android.material:material:1.11.0 -> androidx.drawerlayout:drawerlayout:1.1.1 -> androidx.customview:customview:1.1.0
  :app:debugRuntimeClasspath -> androidx.appcompat:appcompat:1.6.1 -> androidx.emoji2:emoji2:1.2.0
  :app:debugRuntimeClasspath -> androidx.appcompat:appcompat:1.6.1 -> androidx.emoji2:emoji2-views-helper:1.2.0
  :app:debugRuntimeClasspath -> com.google.android.material:material:1.11.0 -> androidx.fragment:fragment:1.3.6
  :app:debugRuntimeClasspath -> com.google.android.material:material:1.11.0 -> androidx.fragment:fragment:1.3.6 -> androidx.viewpager:viewpager:1.0.0
  :app:debugRuntimeClasspath -> com.google.android.material:material:1.11.0 -> androidx.fragment:fragment:1.3.6 -> androidx.loader:loader:1.0.0
  :app:debugRuntimeClasspath -> com.google.android.material:material:1.11.0 -> androidx.resourceinspection:resourceinspection-annotation:1.0.1
  :app:debugRuntimeClasspath -> com.google.android.material:material:1.11.0
  :app:debugRuntimeClasspath -> com.google.android.material:material:1.11.0 -> androidx.cardview:cardview:1.0.0
  :app:debugRuntimeClasspath -> com.google.android.material:material:1.11.0 -> androidx.coordinatorlayout:coordinatorlayout:1.1.0
  :app:debugRuntimeClasspath -> com.google.android.material:material:1.11.0 -> androidx.constraintlayout:constraintlayout:2.0.1
  :app:debugRuntimeClasspath -> com.google.android.material:material:1.11.0 -> androidx.constraintlayout:constraintlayout:2.0.1 -> androidx.constraintlayout:constraintlayout-solver:2.0.1
  :app:debugRuntimeClasspath -> com.google.android.material:material:1.11.0 -> androidx.dynamicanimation:dynamicanimation:1.0.0
  :app:debugRuntimeClasspath -> com.google.android.material:material:1.11.0 -> androidx.dynamicanimation:dynamicanimation:1.0.0 -> androidx.legacy:legacy-support-core-utils:1.0.0
  :app:debugRuntimeClasspath -> com.google.android.material:material:1.11.0 -> androidx.dynamicanimation:dynamicanimation:1.0.0 -> androidx.legacy:legacy-support-core-utils:1.0.0 -> androidx.documentfile:documentfile:1.0.0
  :app:debugRuntimeClasspath -> com.google.android.material:material:1.11.0 -> androidx.dynamicanimation:dynamicanimation:1.0.0 -> androidx.legacy:legacy-support-core-utils:1.0.0 -> androidx.localbroadcastmanager:localbroadcastmanager:1.0.0
  :app:debugRuntimeClasspath -> com.google.android.material:material:1.11.0 -> androidx.dynamicanimation:dynamicanimation:1.0.0 -> androidx.legacy:legacy-support-core-utils:1.0.0 -> androidx.print:print:1.0.0
  :app:debugRuntimeClasspath -> com.google.android.material:material:1.11.0 -> androidx.recyclerview:recyclerview:1.1.0
  :app:debugRuntimeClasspath -> com.google.android.material:material:1.11.0 -> androidx.transition:transition:1.2.0
  :app:debugRuntimeClasspath -> com.google.android.material:material:1.11.0 -> androidx.viewpager2:viewpager2:1.0.0

* Try:
> Run with --stacktrace option to get the stack trace.
> Run with --info or --debug option to get more log output.
> Run with --scan to get full insights.
> Get more help at https://help.gradle.org.

BUILD FAILED in 13s
1 actionable task: 1 executed
